// Jest Snapshot v1, https://goo.gl/fbAQLP

exports[`Renders component that uses use Params 1`] = `
<div
  className="grid grid-cols-1 "
>
  <h1
    className="place-self-center  pt-10 text-4xl font-extrabold"
  >
    Districts in 
  </h1>
  <div
    className="place-self-center "
  >
    <div
      className="MuiCircularProgress-root MuiCircularProgress-indeterminate"
      role="progressbar"
      style={
        Object {
          "height": 100,
          "width": 100,
        }
      }
    >
      <svg
        className="MuiCircularProgress-svg"
        viewBox="22 22 44 44"
      >
        <circle
          className="MuiCircularProgress-circle MuiCircularProgress-circleIndeterminate"
          cx={44}
          cy={44}
          fill="none"
          r={20.2}
          strokeWidth={3.6}
          style={Object {}}
        />
      </svg>
    </div>
  </div>
  <div
    className="grid sm:grid-cols-auto md:grid-cols-4 lg:grid-cols-4 justify-items-center px-10 mb-10"
  />
  <div
    className="bg-red-600 hover:bg-red-300 text-grey-darkest text-white font-bold py-2 px-10 rounded-2xl  mt-10 mb-40 place-self-center"
  >
    <a
      href="/"
      onClick={[Function]}
    >
      Back
    </a>
  </div>
</div>
`;
